[demo-egenslab.b-cdn.net/html/zorik/preview/pet-care/index.html]
[demo-egenslab.b-cdn.net/html/zorik/preview/assets/css/swiper-bundle.min.css]
[demo-egenslab.b-cdn.net/html/zorik/preview/assets/css/jquery.fancybox.min.css]
[demo-egenslab.b-cdn.net/html/zorik/preview/assets/css/animate.css]
[demo-egenslab.b-cdn.net/html/zorik/preview/assets/css/nice-select.css]
[demo-egenslab.b-cdn.net/html/zorik/preview/assets/css/bootstrap-icons.min.css]
[demo-egenslab.b-cdn.net/html/zorik/preview/assets/css/bootstrap.min.css]
[demo-egenslab.b-cdn.net/html/zorik/preview/assets/css/boxicons.min.css]
[backblue.gif]
[fade.gif]
[index.html]
[demo-egenslab.b-cdn.net/html/zorik/preview/assets/css/style.css]
[demo-egenslab.b-cdn.net/html/zorik/preview/pet-care/pet-category.html]
[demo-egenslab.b-cdn.net/html/zorik/preview/pet-care/about-us.html]
[demo-egenslab.b-cdn.net/html/zorik/preview/pet-care/standard-formate.html]
[demo-egenslab.b-cdn.net/html/zorik/preview/pet-care/gallery-formate.html]
[demo-egenslab.b-cdn.net/html/zorik/preview/pet-care/video-formate.html]
[demo-egenslab.b-cdn.net/html/zorik/preview/pet-care/audio-formate.html]
[demo-egenslab.b-cdn.net/html/zorik/preview/pet-care/full-widht-with-sideber.html]
[demo-egenslab.b-cdn.net/html/zorik/preview/pet-care/full-widht-with-no-sidebar.html]
[demo-egenslab.b-cdn.net/html/zorik/preview/pet-care/classic-with-sidebar.html]
[demo-egenslab.b-cdn.net/html/zorik/preview/pet-care/vertical-with-sidebar.html]
[demo-egenslab.b-cdn.net/html/zorik/preview/pet-care/editor-profile.html]
[demo-egenslab.b-cdn.net/html/zorik/preview/pet-care/vertical-with-no-sidebar.html]
[demo-egenslab.b-cdn.net/html/zorik/preview/pet-care/post-pagination.html]
[demo-egenslab.b-cdn.net/html/zorik/preview/pet-care/only-for-subscriber.html]
[demo-egenslab.b-cdn.net/html/zorik/preview/pet-care/faq.html]
[demo-egenslab.b-cdn.net/html/zorik/preview/pet-care/terms&condition.html]
[demo-egenslab.b-cdn.net/html/zorik/preview/pet-care/privacy-policy.html]
[demo-egenslab.b-cdn.net/html/zorik/preview/pet-care/error.html]
[demo-egenslab.b-cdn.net/html/zorik/preview/pet-care/contact-us.html]
[demo-egenslab.b-cdn.net/html/zorik/preview/pet-care/contact.html]
[demo-egenslab.b-cdn.net/html/zorik/assets/image/Vector-112.png]
[demo-egenslab.b-cdn.net/html/zorik/preview/assets/image/pet-care/Pet-Mask.png]
[demo-egenslab.b-cdn.net/html/zorik/preview/assets/image/pet-care/swiper-img.png]
[demo-egenslab.b-cdn.net/html/zorik/preview/assets/image/pet-care/swiper-img2.png]
[demo-egenslab.b-cdn.net/html/zorik/preview/assets/image/pet-care/swiper-img3.png]
[demo-egenslab.b-cdn.net/html/zorik/preview/assets/image/pet-care/add-banner.png]
[demo-egenslab.b-cdn.net/html/zorik/preview/assets/image/pet-care/pet-food.png]
[demo-egenslab.b-cdn.net/html/zorik/preview/pet-care/food.html]
[demo-egenslab.b-cdn.net/html/zorik/preview/assets/image/pet-care/pet-food2.png]
[demo-egenslab.b-cdn.net/html/zorik/preview/assets/image/pet-care/pet-food3.png]
[demo-egenslab.b-cdn.net/html/zorik/preview/assets/image/pet-care/pet-food4.png]
[demo-egenslab.b-cdn.net/html/zorik/preview/assets/image/pet-care/pet-food5.png]
[demo-egenslab.b-cdn.net/html/zorik/preview/assets/image/pet-care/pet-food6.png]
[demo-egenslab.b-cdn.net/html/zorik/preview/assets/image/pet-care/health.png]
[demo-egenslab.b-cdn.net/html/zorik/preview/assets/image/pet-care/health2.png]
[demo-egenslab.b-cdn.net/html/zorik/preview/assets/image/pet-care/health3.png]
[demo-egenslab.b-cdn.net/html/zorik/preview/assets/image/pet-care/health5.png]
[demo-egenslab.b-cdn.net/html/zorik/preview/assets/image/pet-care/health6.png]
[demo-egenslab.b-cdn.net/html/zorik/preview/assets/image/pet-care/breeds.png]
[demo-egenslab.b-cdn.net/html/zorik/preview/assets/image/pet-care/breeds2.png]
[demo-egenslab.b-cdn.net/html/zorik/preview/assets/image/pet-care/breeds3.png]
[demo-egenslab.b-cdn.net/html/zorik/preview/assets/image/pet-care/breeds4.png]
[demo-egenslab.b-cdn.net/html/zorik/preview/assets/image/pet-care/breeds5.png]
[demo-egenslab.b-cdn.net/html/zorik/preview/assets/image/pet-care/breeds6.png]
[demo-egenslab.b-cdn.net/html/zorik/preview/assets/image/pet-care/blog-img1.png]
[demo-egenslab.b-cdn.net/html/zorik/preview/assets/image/pet-care/blog-img2.png]
[demo-egenslab.b-cdn.net/html/zorik/preview/assets/image/pet-care/blog-img3.png]
[demo-egenslab.b-cdn.net/html/zorik/preview/assets/image/pet-care/blog-img4.png]
[demo-egenslab.b-cdn.net/html/zorik/preview/assets/image/pet-care/blog-img5.png]
[demo-egenslab.b-cdn.net/html/zorik/preview/assets/image/pet-care/blog-img6.png]
[demo-egenslab.b-cdn.net/html/zorik/preview/assets/image/pet-care/sidebar-img-1.png]
[demo-egenslab.b-cdn.net/html/zorik/preview/assets/image/pet-care/sidebar-img-2.png]
[demo-egenslab.b-cdn.net/html/zorik/preview/assets/image/pet-care/sidebar-img-3.png]
[demo-egenslab.b-cdn.net/html/zorik/preview/assets/image/pet-care/sidebar-img-4.png]
[demo-egenslab.b-cdn.net/html/zorik/preview/assets/image/pet-care/Ads-Banner2.png]
[demo-egenslab.b-cdn.net/html/zorik/preview/assets/js/jquery-3.7.1.min.js]
[demo-egenslab.b-cdn.net/html/zorik/preview/assets/js/jquery-ui.js]
[demo-egenslab.b-cdn.net/html/zorik/preview/assets/js/waypoints.js]
[demo-egenslab.b-cdn.net/html/zorik/preview/assets/js/jquery.counterup.min.js]
[demo-egenslab.b-cdn.net/html/zorik/preview/assets/js/jquery.marquee.min.js]
[demo-egenslab.b-cdn.net/html/zorik/preview/assets/js/wow.min.js]
[demo-egenslab.b-cdn.net/html/zorik/preview/assets/js/popper.min.js]
[demo-egenslab.b-cdn.net/html/zorik/preview/assets/js/swiper-bundle.min.js]
[demo-egenslab.b-cdn.net/html/zorik/preview/assets/js/jquery.fancybox.min.js]
[demo-egenslab.b-cdn.net/html/zorik/preview/assets/js/jquery.nice-select.min.js]
[demo-egenslab.b-cdn.net/html/zorik/preview/assets/js/bootstrap.min.js]
[demo-egenslab.b-cdn.net/html/zorik/preview/pet-care/index.html]
[demo-egenslab.b-cdn.net/html/zorik/preview/assets/css/swiper-bundle.min.css]
[demo-egenslab.b-cdn.net/html/zorik/preview/assets/css/jquery.fancybox.min.css]
[demo-egenslab.b-cdn.net/html/zorik/preview/assets/css/animate.css]
[demo-egenslab.b-cdn.net/html/zorik/preview/assets/css/nice-select.css]
[demo-egenslab.b-cdn.net/html/zorik/preview/assets/js/custom.js]
[demo-egenslab.b-cdn.net/html/zorik/preview/assets/css/fonts/bootstrap-icons0107.woff2]
[demo-egenslab.b-cdn.net/html/zorik/preview/assets/css/fonts/bootstrap-icons0107.woff]
[demo-egenslab.b-cdn.net/html/zorik/preview/assets/css/bootstrap-icons.min.css]
[demo-egenslab.b-cdn.net/html/zorik/preview/assets/css/bootstrap.min.css]
[demo-egenslab.b-cdn.net/html/zorik/preview/assets/css/boxicons.min.css]
[demo-egenslab.b-cdn.net/html/zorik/preview/assets/image/health&wellness/flower-img.png]
[demo-egenslab.b-cdn.net/html/zorik/preview/assets/image/podcast-banner-bg.png]
[demo-egenslab.b-cdn.net/html/zorik/preview/assets/image/health&wellness/shape-mask.png]
[demo-egenslab.b-cdn.net/html/zorik/preview/assets/image/Image-44.png]
[demo-egenslab.b-cdn.net/html/zorik/preview/assets/image/podcust/Background-6.png]
[demo-egenslab.b-cdn.net/html/zorik/preview/assets/css/style.css]
[demo-egenslab.b-cdn.net/html/zorik/preview/assets/image/standard/Background-8.png]
[demo-egenslab.b-cdn.net/html/zorik/preview/pet-care/pet-category.html]
[demo-egenslab.b-cdn.net/html/zorik/preview/assets/image/Image-36.png]
[demo-egenslab.b-cdn.net/html/zorik/preview/assets/image/Image-37.png]
[demo-egenslab.b-cdn.net/html/zorik/preview/assets/image/Image-38.png]
[demo-egenslab.b-cdn.net/html/zorik/preview/assets/image/Image-39.png]
[demo-egenslab.b-cdn.net/html/zorik/preview/assets/image/Image-40.png]
[demo-egenslab.b-cdn.net/html/zorik/preview/assets/image/Image-41.png]
[demo-egenslab.b-cdn.net/html/zorik/preview/assets/image/Image-42.png]
[demo-egenslab.b-cdn.net/html/zorik/preview/assets/image/Image-43.png]
[demo-egenslab.b-cdn.net/cdn-cgi/scripts/5c5dd728/cloudflare-static/email-decode.min.js]
[demo-egenslab.b-cdn.net/html/zorik/preview/pet-care/about-us.html]
[demo-egenslab.b-cdn.net/html/zorik/preview/assets/js/boxicons.min.js]
[demo-egenslab.b-cdn.net/html/zorik/preview/pet-care/gaming.html]
[demo-egenslab.b-cdn.net/html/zorik/preview/assets/image/standard/thump-image1.png]
[demo-egenslab.b-cdn.net/html/zorik/preview/assets/image/standard/thum-image2.png]
[demo-egenslab.b-cdn.net/html/zorik/preview/assets/image/standard/Ads-Banner.png]
[demo-egenslab.b-cdn.net/html/zorik/preview/assets/image/standard/comment-img1.png]
[demo-egenslab.b-cdn.net/html/zorik/preview/assets/image/standard/comment-img2.png]
[demo-egenslab.b-cdn.net/html/zorik/preview/assets/image/standard/comment-img3.png]
[demo-egenslab.b-cdn.net/html/zorik/preview/assets/image/standard/gallery-img1.png]
[demo-egenslab.b-cdn.net/html/zorik/preview/assets/image/standard/gallery-img2.png]
[demo-egenslab.b-cdn.net/html/zorik/preview/assets/image/standard/gallery-img3.png]
[demo-egenslab.b-cdn.net/html/zorik/preview/assets/image/standard/gallery-img4.png]
[demo-egenslab.b-cdn.net/html/zorik/preview/assets/image/standard/gallery-img5.png]
[demo-egenslab.b-cdn.net/html/zorik/preview/assets/image/standard/gallery-img6.png]
[demo-egenslab.b-cdn.net/html/zorik/preview/assets/image/standard/gallery-img7.png]
[demo-egenslab.b-cdn.net/html/zorik/preview/assets/image/standard/gallery-img8.png]
[demo-egenslab.b-cdn.net/html/zorik/preview/pet-care/standard-formate.html]
[demo-egenslab.b-cdn.net/html/zorik/preview/assets/image/gallery-formate/swipe-img.png]
[demo-egenslab.b-cdn.net/html/zorik/preview/assets/image/gallery-formate/swipe-img2.png]
[demo-egenslab.b-cdn.net/html/zorik/preview/assets/image/video-formate/video-tumpe-img.png]
[demo-egenslab.b-cdn.net/html/zorik/preview/assets/image/gallery-formate/thumpe-img1.png]
[demo-egenslab.b-cdn.net/html/zorik/preview/assets/image/gallery-formate/thumpe-img2.png]
[demo-egenslab.b-cdn.net/html/zorik/preview/assets/image/gallery-formate/thumpe-img3.png]
[demo-egenslab.b-cdn.net/html/zorik/preview/assets/image/gallery-formate/thumpe-img.png]
[demo-egenslab.b-cdn.net/html/zorik/preview/pet-care/gallery-formate.html]
[demo-egenslab.b-cdn.net/html/zorik/preview/assets/image/video-formate/add-banner.png]
[demo-egenslab.b-cdn.net/html/zorik/preview/assets/image/video-formate/thumpe-image.png]
[demo-egenslab.b-cdn.net/html/zorik/preview/pet-care/video-formate.html]
[demo-egenslab.b-cdn.net/html/zorik/preview/assets/css/audio.css]
[demo-egenslab.b-cdn.net/html/zorik/preview/assets/image/audio-formate/add-banner.png]
[demo-egenslab.b-cdn.net/html/zorik/preview/assets/image/audio-formate/thumpe-image1.png]
[demo-egenslab.b-cdn.net/html/zorik/preview/assets/image/audio-formate/thumpe-image2.png]
[demo-egenslab.b-cdn.net/html/zorik/preview/pet-care/audio-formate.html]
[demo-egenslab.b-cdn.net/html/zorik/preview/assets/js/audio.js]
[demo-egenslab.b-cdn.net/html/zorik/preview/assets/image/gaming-news/banner-image.png]
[demo-egenslab.b-cdn.net/html/zorik/preview/assets/image/gaming-news/add-banner.png]
[demo-egenslab.b-cdn.net/html/zorik/preview/assets/image/gaming-news/thumpe-image.png]
[demo-egenslab.b-cdn.net/html/zorik/preview/pet-care/full-widht-with-sideber.html]
[demo-egenslab.b-cdn.net/html/zorik/preview/assets/image/gaming-universe/banner-image.png]
[demo-egenslab.b-cdn.net/html/zorik/preview/assets/image/gaming-universe/thumpe-image.png]
[demo-egenslab.b-cdn.net/html/zorik/preview/assets/image/gaming-universe/add-banner.png]
[demo-egenslab.b-cdn.net/html/zorik/preview/pet-care/full-widht-with-no-sidebar.html]
[demo-egenslab.b-cdn.net/html/zorik/preview/assets/image/gaming-triumphs/thump-image.png]
[demo-egenslab.b-cdn.net/html/zorik/preview/assets/image/gaming-triumphs/thumpe-image2.png]
[demo-egenslab.b-cdn.net/html/zorik/preview/assets/image/gaming-triumphs/thumpe-image3.png]
[demo-egenslab.b-cdn.net/html/zorik/preview/assets/image/gaming-triumphs/add-banner.png]
[demo-egenslab.b-cdn.net/html/zorik/preview/pet-care/classic-with-sidebar.html]
[demo-egenslab.b-cdn.net/html/zorik/preview/assets/image/virtual-world/thumpe-image1.png]
[demo-egenslab.b-cdn.net/html/zorik/preview/assets/image/virtual-world/thumpe-image.png]
[demo-egenslab.b-cdn.net/html/zorik/preview/pet-care/vertical-with-sidebar.html]
[demo-egenslab.b-cdn.net/html/zorik/preview/assets/image/virtual-vista/thumpe-image.png]
[demo-egenslab.b-cdn.net/html/zorik/preview/pet-care/vertical-with-no-sidebar.html]
[demo-egenslab.b-cdn.net/html/zorik/preview/pet-care/life-style.html]
[demo-egenslab.b-cdn.net/html/zorik/preview/pet-care/fashion.html]
[demo-egenslab.b-cdn.net/html/zorik/preview/pet-care/travel2.html]
[demo-egenslab.b-cdn.net/html/zorik/preview/pet-care/beauty.html]
[demo-egenslab.b-cdn.net/html/zorik/preview/pet-care/tech.html]
[demo-egenslab.b-cdn.net/html/zorik/preview/pet-care/editor-profile.html]
[demo-egenslab.b-cdn.net/html/zorik/preview/assets/image/gameplay/thumpe-image1.png]
[demo-egenslab.b-cdn.net/html/zorik/preview/assets/image/gameplay/thumpe-image2.png]
[demo-egenslab.b-cdn.net/html/zorik/preview/assets/image/gameplay/thumpe-image3.png]
[demo-egenslab.b-cdn.net/html/zorik/preview/pet-care/post-pagination.html]
[demo-egenslab.b-cdn.net/html/zorik/preview/assets/image/gaming-front/banner-image.png]
[demo-egenslab.b-cdn.net/html/zorik/preview/pet-care/only-for-subscriber.html]
[demo-egenslab.b-cdn.net/html/zorik/preview/pet-care/faq.html]
[demo-egenslab.b-cdn.net/html/zorik/preview/pet-care/terms&condition.html]
[demo-egenslab.b-cdn.net/html/zorik/preview/pet-care/privacy-policy.html]
[demo-egenslab.b-cdn.net/html/zorik/preview/assets/image/404/Background-9.png]
[demo-egenslab.b-cdn.net/html/zorik/preview/pet-care/error.html]
[demo-egenslab.b-cdn.net/html/zorik/preview/pet-care/contact-us.html]
[demo-egenslab.b-cdn.net/html/zorik/preview/pet-care/contact.html]
[demo-egenslab.b-cdn.net/html/zorik/assets/image/Vector-112.html]
[demo-egenslab.b-cdn.net/html/zorik/preview/pet-care/food.html]
[demo-egenslab.b-cdn.net/html/zorik/preview/assets/image/Image-44.html]
[demo-egenslab.b-cdn.net/html/zorik/preview/pet-care/gaming.html]
[demo-egenslab.b-cdn.net/html/zorik/preview/assets/css/audio.css]
[demo-egenslab.b-cdn.net/html/zorik/preview/pet-care/life-style.html]
[demo-egenslab.b-cdn.net/html/zorik/preview/pet-care/fashion.html]
[demo-egenslab.b-cdn.net/html/zorik/preview/pet-care/travel2.html]
[demo-egenslab.b-cdn.net/html/zorik/preview/pet-care/beauty.html]
[demo-egenslab.b-cdn.net/html/zorik/preview/pet-care/tech.html]
[maxcdn.bootstrapcdn.com/font-awesome/4.7.0/css/font-awesome.min.css]
[maxcdn.bootstrapcdn.com/font-awesome/4.7.0/css/font-awesome.min.css]
